// Jest Snapshot v1, https://goo.gl/fbAQLP

exports[`DynamicList should match snapshot 1`] = `
<DocumentFragment>
  <ul
    class="list-style"
  >
    <li>
      <p
        class="chakra-text emotion-0"
      >
        Styling
      </p>
      <ul
        class="list-style"
      >
        <a
          href="vscode://file//components/html-wrapper/index.tsx"
        >
          <li>
            CSS-in-JS (We prefer to use this one!)
          </li>
        </a>
        <a
          href="vscode://file//components/welcome/welcome.module.scss"
        >
          <li>
            CSS modules
          </li>
        </a>
        <a
          href="vscode://file//styles/main.scss"
        >
          <li>
            Classic CSS/SCSS
          </li>
        </a>
      </ul>
    </li>
    <li>
      How to write components
    </li>
    <li>
      Data fetching
    </li>
    <li>
      Global state
    </li>
    <li>
      Routing
    </li>
    <li>
      Testing
    </li>
  </ul>
</DocumentFragment>
`;
