// Jest Snapshot v1, https://goo.gl/fbAQLP

exports[`Footer should match snapshot 1`] = `
<DocumentFragment>
  .emotion-0 {
  padding-top: 4px;
  padding-bottom: 4px;
  background-color: gray.50;
  margin-top: 4px;
}

<div
    class="emotion-0"
  >
    <div
      class="container"
    >
      Made with ❤️ by The Prisma Architecture Team
    </div>
  </div>
</DocumentFragment>
`;
